[zonapruebas68.tk/landing-arriendo/index.html]
[backblue.gif]
[fade.gif]
[index.html]
[zonapruebas68.tk/wp-content/uploads/2022/03/logo-web.png]
[zonapruebas68.tk/wp-content/uploads/2022/03/AJ3E5UI32VCQZNUWTHOCTJY3YY.jpg]
[zonapruebas68.tk/wp-includes/js/jquery/jquery.minaf6c.js]
[zonapruebas68.tk/wp-includes/js/jquery/jquery-migrate.mind617.js]
[zonapruebas68.tk/wp-content/plugins/elementor/assets/lib/font-awesome/js/v4-shims.min5aed.js]
[zonapruebas68.tk/wp-content/uploads/2022/03/cropped-logo-32x32.png]
[zonapruebas68.tk/wp-content/uploads/2022/03/cropped-logo-192x192.png]
[zonapruebas68.tk/wp-content/uploads/2022/03/cropped-logo-180x180.png]
[zonapruebas68.tk/wp-content/uploads/2022/04/totem.png]
[zonapruebas68.tk/wp-content/uploads/2022/04/totem-verde-300x220.jpg]
[zonapruebas68.tk/wp-content/uploads/2022/03/medidor-co2.png]
[zonapruebas68.tk/wp-content/uploads/2022/03/MEDIDOR-CO2-300x300.jpg]
[zonapruebas68.tk/wp-content/uploads/2022/03/termometro-x.png]
[zonapruebas68.tk/wp-content/uploads/2022/03/TERMOMETRO-300x300.jpg]
[zonapruebas68.tk/wp-content/uploads/2022/03/MANO-MOVIL.png]
[zonapruebas68.tk/wp-content/uploads/2022/04/WhatsApp-Image-2022-03-31-at-7.18.25-PM.jpg]
[zonapruebas68.tk/wp-content/uploads/2022/04/WhatsApp-Image-2022-03-31-at-7.15.45-PM.jpg]
[zonapruebas68.tk/wp-content/uploads/2022/04/WhatsApp-Image-2022-03-31-at-7.15.46-PM.jpg]
[zonapruebas68.tk/wp-content/uploads/2022/04/WhatsApp-Image-2022-03-31-at-7.18.26-PM.jpg]
[zonapruebas68.tk/wp-content/uploads/2022/04/plataforma-sit.png]
[www.instagram.com/static/bundles/metro/EmbedSDK.js/d9addf525b6a.js]
[zonapruebas68.tk/wp-content/uploads/elementor/thumbs/WhatsApp-Image-2022-03-30-at-2.09.13-PM-pmoux3xfcr86l1a8p4s6zjrgaau4riwflhnzfz773s.jpg]
[zonapruebas68.tk/wp-content/uploads/elementor/thumbs/WhatsApp-Image-2022-03-30-at-1.25.54-PM1-pmouw8wr381pxwjaq9di79l8ol30pihah84yluh6t4.jpg]
[zonapruebas68.tk/wp-content/uploads/elementor/thumbs/WhatsApp-Image-2022-03-30-at-1.40.35-PM-pmoux062lf31alfpb35opkplwrcnwqhi8z21ivcrso.jpg]
[zonapruebas68.tk/wp-content/uploads/elementor/thumbs/WhatsApp-Image-2022-03-30-at-1.25.54-PM2-pmouwdly1e85jycgyten1qejnifurzzy5vee08a7y0.jpg]
[zonapruebas68.tk/wp-content/uploads/elementor/thumbs/WhatsApp-Image-2022-03-30-at-1.25.54-PM-pmouwj8z6efvhm4a1vuegozb7to226mc6nbavw1uwo.jpg]
[zonapruebas68.tk/wp-content/uploads/elementor/thumbs/WhatsApp-Image-2022-03-30-at-1.25.55-PM1-pmouwow0benlf9w34ya5vnk2s4w9cd8q7f87rjthvc.jpg]
[zonapruebas68.tk/wp-content/uploads/elementor/thumbs/WhatsApp-Image-2022-03-30-at-1.40.35-PM1-pmouwxck0wz6brjsrjxt03f84lqk9n6b8l3l31gybc.jpg]
[zonapruebas68.tk/wp-content/uploads/elementor/thumbs/WhatsApp-Image-2022-03-30-at-1.40.34-PM-pmouwtl79ku11bp9dibaq4ddr293eurdw2hn5xmj08.jpg]
[zonapruebas68.tk/wp-content/uploads/2022/03/WhatsApp-Image-2022-03-30-at-2.41.48-PM.jpg]
[js.hsforms.net/forms/shell.js]
[zonapruebas68.tk/wp-content/uploads/2022/03/Diseno-sin-titulo-2022-03-08T212311.012.png]
[zonapruebas68.tk/wp-includes/js/dist/vendor/regenerator-runtime.min3937.js]
[zonapruebas68.tk/wp-includes/js/dist/vendor/wp-polyfill.min2c7c.js]
[zonapruebas68.tk/wp-content/plugins/contact-form-7/includes/js/index5406.js]
[js.hs-scripts.com/21710146a466.js]
[zonapruebas68.tk/wp-content/plugins/ht-mega-for-elementor/assets/js/popper.min4511.js]
[zonapruebas68.tk/wp-content/plugins/ht-mega-for-elementor/assets/js/htbbootstrap4511.js]
[zonapruebas68.tk/wp-content/plugins/ht-mega-for-elementor/assets/js/waypoints4511.js]
[zonapruebas68.tk/wp-content/themes/popularfx/js/navigation9632.js]
[zonapruebas68.tk/wp-includes/js/mediaelement/mediaelement-and-player.min08e1.js]
[zonapruebas68.tk/wp-includes/js/mediaelement/mediaelement-migrate.min7404.js]
[zonapruebas68.tk/wp-includes/js/mediaelement/wp-mediaelement.min7404.js]
[zonapruebas68.tk/wp-includes/js/mediaelement/renderers/vimeo.min08e1.js]
[zonapruebas68.tk/wp-content/plugins/elementor/assets/js/webpack.runtime.min5aed.js]
[zonapruebas68.tk/wp-content/plugins/elementor/assets/js/frontend-modules.min5aed.js]
[zonapruebas68.tk/wp-content/plugins/elementor/assets/lib/waypoints/waypoints.min05da.js]
[zonapruebas68.tk/wp-includes/js/jquery/ui/core.min0028.js]
[zonapruebas68.tk/wp-content/plugins/elementor/assets/js/frontend.min5aed.js]
[zonapruebas68.tk/landing-arriendo/index.html]
[zonapruebas68.tk/wp-includes/css/dist/block-library/style.min7404.css]
[zonapruebas68.tk/wp-content/plugins/contact-form-7/includes/css/styles5406.css]
[zonapruebas68.tk/wp-content/plugins/ht-mega-for-elementor/assets/css/htbbootstrap4511.css]
[zonapruebas68.tk/wp-content/plugins/elementor/assets/lib/font-awesome/css/font-awesome.min1849.css]
[zonapruebas68.tk/wp-content/plugins/ht-mega-for-elementor/assets/css/animation4511.css]
[zonapruebas68.tk/wp-content/plugins/ht-mega-for-elementor/assets/css/htmega-keyframes4511.css]
[zonapruebas68.tk/wp-content/themes/popularfx/style9632.css]
[zonapruebas68.tk/wp-content/themes/popularfx/sidebar9632.css]
[zonapruebas68.tk/wp-content/plugins/elementor/assets/lib/eicons/css/elementor-icons.min7816.css]
[zonapruebas68.tk/wp-content/plugins/elementor/assets/css/frontend-lite.min5aed.css]
[zonapruebas68.tk/wp-content/plugins/addons-for-elementor/assets/css/lib/animate46c6.css]
[zonapruebas68.tk/wp-content/plugins/addons-for-elementor/assets/css/lib/loader.gif]
[zonapruebas68.tk/wp-content/plugins/addons-for-elementor/assets/css/lib/sliders.min46c6.css]
[zonapruebas68.tk/wp-content/plugins/addons-for-elementor/assets/css/fonts/lae-icomoon1a12.ttf]
[zonapruebas68.tk/wp-content/plugins/addons-for-elementor/assets/css/fonts/lae-icomoon1a12.woff]
[zonapruebas68.tk/wp-content/plugins/addons-for-elementor/assets/css/icomoon46c6.css]
[zonapruebas68.tk/wp-content/plugins/addons-for-elementor/assets/css/lae-frontend46c6.css]
[zonapruebas68.tk/wp-content/plugins/addons-for-elementor/assets/css/lae-grid46c6.css]
[zonapruebas68.tk/wp-content/plugins/addons-for-elementor/assets/css/widgets/lae-widgets.min46c6.css]
[zonapruebas68.tk/wp-content/plugins/elementor/assets/lib/font-awesome/css/all.min5aed.css]
[zonapruebas68.tk/wp-content/plugins/elementor/assets/lib/font-awesome/css/v4-shims.min5aed.css]
[zonapruebas68.tk/wp-includes/js/mediaelement/mediaelementplayer-legacy.min08e1.css]
[zonapruebas68.tk/wp-includes/js/mediaelement/wp-mediaelement.min7404.css]
[zonapruebas68.tk/wp-content/plugins/elementor/assets/lib/font-awesome/css/fontawesome.min52d5.css]
[zonapruebas68.tk/wp-content/plugins/elementor/assets/lib/font-awesome/css/solid.min52d5.css]
[zonapruebas68.tk/wp-content/plugins/elementor/assets/lib/font-awesome/css/regular.min52d5.css]
[zonapruebas68.tk/wp-content/plugins/elementor/assets/lib/font-awesome/css/brands.min52d5.css]
[zonapruebas68.tk/wp-content/plugins/elementor/assets/css/widget-icon-list.min.css]
[zonapruebas68.tk/wp-content/plugins/ht-mega-for-elementor/assets/css/img/gallery/bgDescription.png]
[zonapruebas68.tk/wp-content/plugins/ht-mega-for-elementor/assets/css/img/gallery/gallery-e1.jpg]
[zonapruebas68.tk/wp-content/plugins/ht-mega-for-elementor/assets/images/pricing/pricing-ribon.png]
[zonapruebas68.tk/wp-content/plugins/ht-mega-for-elementor/assets/css/img/bg/bg-image-12.jpg]
[zonapruebas68.tk/wp-content/plugins/ht-mega-for-elementor/assets/css/img/others/business-shape.png]
[zonapruebas68.tk/wp-content/plugins/ht-mega-for-elementor/assets/css/img/bg/bg-image-40.jpg]
[zonapruebas68.tk/wp-content/plugins/ht-mega-for-elementor/assets/css/htmega-widgets4511.css]
[zonapruebas68.tk/wp-content/plugins/elementor/assets/lib/animations/animations.min5aed.css]
[zonapruebas68.tk/wp-content/plugins/addons-for-elementor/assets/css/fonts/lae-icomoon1a12.svg]
[zonapruebas68.tk/wp-includes/js/mediaelement/mejs-controls.svg]
[zonapruebas68.tk/wp-content/plugins/ht-mega-for-elementor/assets/css/img/gallery/bgDescription.html]
[zonapruebas68.tk/wp-content/plugins/ht-mega-for-elementor/assets/css/img/gallery/gallery-e1.html]
[zonapruebas68.tk/wp-content/plugins/ht-mega-for-elementor/assets/css/img/bg/bg-image-12.html]
[zonapruebas68.tk/wp-content/plugins/ht-mega-for-elementor/assets/css/img/others/business-shape.html]
[zonapruebas68.tk/wp-content/plugins/ht-mega-for-elementor/assets/css/img/bg/bg-image-40.html]
